::ffff:127.0.0.1 - - [22/Apr/2022:14:01:08 +0000] "GET /api/post/babel/parser/lib/index.js HTTP/1.1" 404 173 "http://localhost:3000/post/61cee654f93e22716566af08" "Mozilla/5.0 (Macintosh; Intel Mac OS X 10_15_7) AppleWebKit/537.36 (KHTML, like Gecko) Chrome/100.0.4896.127 Safari/537.36"
::ffff:127.0.0.1 - - [22/Apr/2022:14:01:08 +0000] "GET /api/post/babel/parser/lib/index.js HTTP/1.1" 404 173 "http://localhost:3000/post/61cee654f93e22716566af08" "Mozilla/5.0 (Macintosh; Intel Mac OS X 10_15_7) AppleWebKit/537.36 (KHTML, like Gecko) Chrome/100.0.4896.127 Safari/537.36"
::ffff:127.0.0.1 - - [22/Apr/2022:14:01:08 +0000] "GET /api/post/babel/parser/lib/index.js HTTP/1.1" 404 173 "http://localhost:3000/post/61cee654f93e22716566af08" "Mozilla/5.0 (Macintosh; Intel Mac OS X 10_15_7) AppleWebKit/537.36 (KHTML, like Gecko) Chrome/100.0.4896.127 Safari/537.36"
::ffff:127.0.0.1 - - [22/Apr/2022:14:01:08 +0000] "GET /api/post/babel/parser/lib/index.js HTTP/1.1" 404 173 "http://localhost:3000/post/61cee654f93e22716566af08" "Mozilla/5.0 (Macintosh; Intel Mac OS X 10_15_7) AppleWebKit/537.36 (KHTML, like Gecko) Chrome/100.0.4896.127 Safari/537.36"
::ffff:127.0.0.1 - - [22/Apr/2022:14:01:09 +0000] "GET /api/posts/61cee654f93e22716566af08 HTTP/1.1" 304 - "http://localhost:3000/post/61cee654f93e22716566af08" "Mozilla/5.0 (Macintosh; Intel Mac OS X 10_15_7) AppleWebKit/537.36 (KHTML, like Gecko) Chrome/100.0.4896.127 Safari/537.36"
::ffff:127.0.0.1 - - [22/Apr/2022:14:01:09 +0000] "GET /api/posts/61cee6bcf93e22716566af0d HTTP/1.1" 304 - "http://localhost:3000/post/61cee6bcf93e22716566af0d" "Mozilla/5.0 (Macintosh; Intel Mac OS X 10_15_7) AppleWebKit/605.1.15 (KHTML, like Gecko) Version/14.1.2 Safari/605.1.15"
::1 - - [22/Apr/2022:14:01:09 +0000] "GET /images/1640949436036news.webp HTTP/1.1" 304 - "http://localhost:3000/post/61cee6bcf93e22716566af0d" "Mozilla/5.0 (Macintosh; Intel Mac OS X 10_15_7) AppleWebKit/605.1.15 (KHTML, like Gecko) Version/14.1.2 Safari/605.1.15"
::ffff:127.0.0.1 - - [22/Apr/2022:14:01:17 +0000] "GET /api/posts/61cee6bcf93e22716566af0d HTTP/1.1" 304 - "http://localhost:3000/post/61cee6bcf93e22716566af0d" "Mozilla/5.0 (Macintosh; Intel Mac OS X 10_15_7) AppleWebKit/605.1.15 (KHTML, like Gecko) Version/14.1.2 Safari/605.1.15"
::1 - - [22/Apr/2022:14:01:17 +0000] "GET /images/1640949436036news.webp HTTP/1.1" 304 - "http://localhost:3000/post/61cee6bcf93e22716566af0d" "Mozilla/5.0 (Macintosh; Intel Mac OS X 10_15_7) AppleWebKit/605.1.15 (KHTML, like Gecko) Version/14.1.2 Safari/605.1.15"
::ffff:127.0.0.1 - - [22/Apr/2022:14:01:19 +0000] "PUT /api/posts/61cee6bcf93e22716566af0d HTTP/1.1" 401 32 "http://localhost:3000/post/61cee6bcf93e22716566af0d" "Mozilla/5.0 (Macintosh; Intel Mac OS X 10_15_7) AppleWebKit/605.1.15 (KHTML, like Gecko) Version/14.1.2 Safari/605.1.15"
::ffff:127.0.0.1 - - [22/Apr/2022:14:01:40 +0000] "GET /api/posts/61cee6bcf93e22716566af0d HTTP/1.1" 200 2038 "http://localhost:3000/post/61cee6bcf93e22716566af0d" "Mozilla/5.0 (Macintosh; Intel Mac OS X 10_15_7) AppleWebKit/605.1.15 (KHTML, like Gecko) Version/14.1.2 Safari/605.1.15"
::ffff:127.0.0.1 - - [22/Apr/2022:14:01:41 +0000] "GET /api/posts/61cee654f93e22716566af08 HTTP/1.1" 304 - "http://localhost:3000/post/61cee654f93e22716566af08" "Mozilla/5.0 (Macintosh; Intel Mac OS X 10_15_7) AppleWebKit/537.36 (KHTML, like Gecko) Chrome/100.0.4896.127 Safari/537.36"
::ffff:127.0.0.1 - - [22/Apr/2022:14:01:46 +0000] "GET /api/posts/61cee6bcf93e22716566af0d HTTP/1.1" 304 - "http://localhost:3000/post/61cee6bcf93e22716566af0d" "Mozilla/5.0 (Macintosh; Intel Mac OS X 10_15_7) AppleWebKit/605.1.15 (KHTML, like Gecko) Version/14.1.2 Safari/605.1.15"
::1 - - [22/Apr/2022:14:01:46 +0000] "GET /images/1640949436036news.webp HTTP/1.1" 304 - "http://localhost:3000/post/61cee6bcf93e22716566af0d" "Mozilla/5.0 (Macintosh; Intel Mac OS X 10_15_7) AppleWebKit/605.1.15 (KHTML, like Gecko) Version/14.1.2 Safari/605.1.15"
::ffff:127.0.0.1 - - [22/Apr/2022:14:01:47 +0000] "PUT /api/posts/61cee6bcf93e22716566af0d HTTP/1.1" 401 32 "http://localhost:3000/post/61cee6bcf93e22716566af0d" "Mozilla/5.0 (Macintosh; Intel Mac OS X 10_15_7) AppleWebKit/605.1.15 (KHTML, like Gecko) Version/14.1.2 Safari/605.1.15"
::ffff:127.0.0.1 - - [22/Apr/2022:14:02:33 +0000] "GET /api/posts/61cee654f93e22716566af08 HTTP/1.1" 304 - "http://localhost:3000/post/61cee654f93e22716566af08" "Mozilla/5.0 (Macintosh; Intel Mac OS X 10_15_7) AppleWebKit/537.36 (KHTML, like Gecko) Chrome/100.0.4896.127 Safari/537.36"
::1 - - [22/Apr/2022:14:02:33 +0000] "GET /images/1640949331898music.jpg HTTP/1.1" 304 - "http://localhost:3000/" "Mozilla/5.0 (Macintosh; Intel Mac OS X 10_15_7) AppleWebKit/537.36 (KHTML, like Gecko) Chrome/100.0.4896.127 Safari/537.36"
::ffff:127.0.0.1 - - [22/Apr/2022:14:02:35 +0000] "PUT /api/posts/61cee654f93e22716566af08 HTTP/1.1" 401 32 "http://localhost:3000/post/61cee654f93e22716566af08" "Mozilla/5.0 (Macintosh; Intel Mac OS X 10_15_7) AppleWebKit/537.36 (KHTML, like Gecko) Chrome/100.0.4896.127 Safari/537.36"
::ffff:127.0.0.1 - - [22/Apr/2022:14:02:51 +0000] "POST /api/auth/login HTTP/1.1" 200 207 "http://localhost:3000/login" "Mozilla/5.0 (Macintosh; Intel Mac OS X 10_15_7) AppleWebKit/537.36 (KHTML, like Gecko) Chrome/100.0.4896.127 Safari/537.36"
::1 - - [22/Apr/2022:14:02:51 +0000] "GET /images/1641651527390profile.jpg HTTP/1.1" 304 - "http://localhost:3000/" "Mozilla/5.0 (Macintosh; Intel Mac OS X 10_15_7) AppleWebKit/537.36 (KHTML, like Gecko) Chrome/100.0.4896.127 Safari/537.36"
::ffff:127.0.0.1 - - [22/Apr/2022:14:02:51 +0000] "GET /api/categories HTTP/1.1" 304 - "http://localhost:3000/login" "Mozilla/5.0 (Macintosh; Intel Mac OS X 10_15_7) AppleWebKit/537.36 (KHTML, like Gecko) Chrome/100.0.4896.127 Safari/537.36"
::ffff:127.0.0.1 - - [22/Apr/2022:14:02:51 +0000] "GET /api/users HTTP/1.1" 304 - "http://localhost:3000/login" "Mozilla/5.0 (Macintosh; Intel Mac OS X 10_15_7) AppleWebKit/537.36 (KHTML, like Gecko) Chrome/100.0.4896.127 Safari/537.36"
::ffff:127.0.0.1 - - [22/Apr/2022:14:02:51 +0000] "GET /api/events HTTP/1.1" 304 - "http://localhost:3000/login" "Mozilla/5.0 (Macintosh; Intel Mac OS X 10_15_7) AppleWebKit/537.36 (KHTML, like Gecko) Chrome/100.0.4896.127 Safari/537.36"
::ffff:127.0.0.1 - - [22/Apr/2022:14:02:51 +0000] "GET /api/posts HTTP/1.1" 304 - "http://localhost:3000/login" "Mozilla/5.0 (Macintosh; Intel Mac OS X 10_15_7) AppleWebKit/537.36 (KHTML, like Gecko) Chrome/100.0.4896.127 Safari/537.36"
::1 - - [22/Apr/2022:14:02:51 +0000] "GET /images/1640949436036news.webp HTTP/1.1" 304 - "http://localhost:3000/" "Mozilla/5.0 (Macintosh; Intel Mac OS X 10_15_7) AppleWebKit/537.36 (KHTML, like Gecko) Chrome/100.0.4896.127 Safari/537.36"
::1 - - [22/Apr/2022:14:02:51 +0000] "GET /images/1640949296090pubg.jpg HTTP/1.1" 304 - "http://localhost:3000/" "Mozilla/5.0 (Macintosh; Intel Mac OS X 10_15_7) AppleWebKit/537.36 (KHTML, like Gecko) Chrome/100.0.4896.127 Safari/537.36"
::1 - - [22/Apr/2022:14:02:51 +0000] "GET /images/1640949684843cod.jpg HTTP/1.1" 304 - "http://localhost:3000/" "Mozilla/5.0 (Macintosh; Intel Mac OS X 10_15_7) AppleWebKit/537.36 (KHTML, like Gecko) Chrome/100.0.4896.127 Safari/537.36"
::1 - - [22/Apr/2022:14:02:51 +0000] "GET /images/1640950102950fortnite.jpg HTTP/1.1" 304 - "http://localhost:3000/" "Mozilla/5.0 (Macintosh; Intel Mac OS X 10_15_7) AppleWebKit/537.36 (KHTML, like Gecko) Chrome/100.0.4896.127 Safari/537.36"
::1 - - [22/Apr/2022:14:02:51 +0000] "GET /images/1640950363324cricket.jpg HTTP/1.1" 304 - "http://localhost:3000/" "Mozilla/5.0 (Macintosh; Intel Mac OS X 10_15_7) AppleWebKit/537.36 (KHTML, like Gecko) Chrome/100.0.4896.127 Safari/537.36"
::ffff:127.0.0.1 - - [22/Apr/2022:14:02:55 +0000] "GET /api/posts/61cee630f93e22716566aefe HTTP/1.1" 304 - "http://localhost:3000/post/61cee630f93e22716566aefe" "Mozilla/5.0 (Macintosh; Intel Mac OS X 10_15_7) AppleWebKit/537.36 (KHTML, like Gecko) Chrome/100.0.4896.127 Safari/537.36"
::ffff:127.0.0.1 - - [22/Apr/2022:14:02:57 +0000] "PUT /api/posts/61cee630f93e22716566aefe HTTP/1.1" 401 32 "http://localhost:3000/post/61cee630f93e22716566aefe" "Mozilla/5.0 (Macintosh; Intel Mac OS X 10_15_7) AppleWebKit/537.36 (KHTML, like Gecko) Chrome/100.0.4896.127 Safari/537.36"
::ffff:127.0.0.1 - - [22/Apr/2022:14:03:46 +0000] "GET /api/posts/61cee630f93e22716566aefe HTTP/1.1" 200 1127 "http://localhost:3000/post/61cee630f93e22716566aefe" "Mozilla/5.0 (Macintosh; Intel Mac OS X 10_15_7) AppleWebKit/537.36 (KHTML, like Gecko) Chrome/100.0.4896.127 Safari/537.36"
::1 - - [22/Apr/2022:14:03:48 +0000] "GET /images/1641651527390profile.jpg HTTP/1.1" 304 - "http://localhost:3000/" "Mozilla/5.0 (Macintosh; Intel Mac OS X 10_15_7) AppleWebKit/537.36 (KHTML, like Gecko) Chrome/100.0.4896.127 Safari/537.36"
::ffff:127.0.0.1 - - [22/Apr/2022:14:03:48 +0000] "GET /api/posts/61cee630f93e22716566aefe HTTP/1.1" 304 - "http://localhost:3000/post/61cee630f93e22716566aefe" "Mozilla/5.0 (Macintosh; Intel Mac OS X 10_15_7) AppleWebKit/537.36 (KHTML, like Gecko) Chrome/100.0.4896.127 Safari/537.36"
::1 - - [22/Apr/2022:14:03:48 +0000] "GET /images/1640949296090pubg.jpg HTTP/1.1" 304 - "http://localhost:3000/" "Mozilla/5.0 (Macintosh; Intel Mac OS X 10_15_7) AppleWebKit/537.36 (KHTML, like Gecko) Chrome/100.0.4896.127 Safari/537.36"
::ffff:127.0.0.1 - - [22/Apr/2022:14:03:49 +0000] "PUT /api/posts/61cee630f93e22716566aefe HTTP/1.1" 401 32 "http://localhost:3000/post/61cee630f93e22716566aefe" "Mozilla/5.0 (Macintosh; Intel Mac OS X 10_15_7) AppleWebKit/537.36 (KHTML, like Gecko) Chrome/100.0.4896.127 Safari/537.36"
::ffff:127.0.0.1 - - [22/Apr/2022:14:03:50 +0000] "PUT /api/posts/61cee630f93e22716566aefe HTTP/1.1" 401 32 "http://localhost:3000/post/61cee630f93e22716566aefe" "Mozilla/5.0 (Macintosh; Intel Mac OS X 10_15_7) AppleWebKit/537.36 (KHTML, like Gecko) Chrome/100.0.4896.127 Safari/537.36"
::ffff:127.0.0.1 - - [22/Apr/2022:14:03:51 +0000] "PUT /api/posts/61cee630f93e22716566aefe HTTP/1.1" 401 32 "http://localhost:3000/post/61cee630f93e22716566aefe" "Mozilla/5.0 (Macintosh; Intel Mac OS X 10_15_7) AppleWebKit/537.36 (KHTML, like Gecko) Chrome/100.0.4896.127 Safari/537.36"
::ffff:127.0.0.1 - - [22/Apr/2022:14:03:56 +0000] "GET /api/posts/61cee630f93e22716566aefe HTTP/1.1" 200 1127 "http://localhost:3000/post/61cee630f93e22716566aefe" "Mozilla/5.0 (Macintosh; Intel Mac OS X 10_15_7) AppleWebKit/537.36 (KHTML, like Gecko) Chrome/100.0.4896.127 Safari/537.36"
::ffff:127.0.0.1 - - [22/Apr/2022:14:04:02 +0000] "GET /api/posts/61cee630f93e22716566aefe HTTP/1.1" 304 - "http://localhost:3000/post/61cee630f93e22716566aefe" "Mozilla/5.0 (Macintosh; Intel Mac OS X 10_15_7) AppleWebKit/537.36 (KHTML, like Gecko) Chrome/100.0.4896.127 Safari/537.36"
::1 - - [22/Apr/2022:14:04:08 +0000] "GET /images/1641651527390profile.jpg HTTP/1.1" 304 - "http://localhost:3000/" "Mozilla/5.0 (Macintosh; Intel Mac OS X 10_15_7) AppleWebKit/537.36 (KHTML, like Gecko) Chrome/100.0.4896.127 Safari/537.36"
::ffff:127.0.0.1 - - [22/Apr/2022:14:04:08 +0000] "GET /api/posts/61cee630f93e22716566aefe HTTP/1.1" 304 - "http://localhost:3000/post/61cee630f93e22716566aefe" "Mozilla/5.0 (Macintosh; Intel Mac OS X 10_15_7) AppleWebKit/537.36 (KHTML, like Gecko) Chrome/100.0.4896.127 Safari/537.36"
::1 - - [22/Apr/2022:14:04:08 +0000] "GET /images/1640949296090pubg.jpg HTTP/1.1" 304 - "http://localhost:3000/" "Mozilla/5.0 (Macintosh; Intel Mac OS X 10_15_7) AppleWebKit/537.36 (KHTML, like Gecko) Chrome/100.0.4896.127 Safari/537.36"
::ffff:127.0.0.1 - - [22/Apr/2022:14:04:09 +0000] "PUT /api/posts/61cee630f93e22716566aefe HTTP/1.1" 401 32 "http://localhost:3000/post/61cee630f93e22716566aefe" "Mozilla/5.0 (Macintosh; Intel Mac OS X 10_15_7) AppleWebKit/537.36 (KHTML, like Gecko) Chrome/100.0.4896.127 Safari/537.36"
::ffff:127.0.0.1 - - [22/Apr/2022:14:04:10 +0000] "PUT /api/posts/61cee630f93e22716566aefe HTTP/1.1" 401 32 "http://localhost:3000/post/61cee630f93e22716566aefe" "Mozilla/5.0 (Macintosh; Intel Mac OS X 10_15_7) AppleWebKit/537.36 (KHTML, like Gecko) Chrome/100.0.4896.127 Safari/537.36"
::ffff:127.0.0.1 - - [22/Apr/2022:14:04:10 +0000] "PUT /api/posts/61cee630f93e22716566aefe HTTP/1.1" 401 32 "http://localhost:3000/post/61cee630f93e22716566aefe" "Mozilla/5.0 (Macintosh; Intel Mac OS X 10_15_7) AppleWebKit/537.36 (KHTML, like Gecko) Chrome/100.0.4896.127 Safari/537.36"
::ffff:127.0.0.1 - - [22/Apr/2022:14:04:11 +0000] "PUT /api/posts/61cee630f93e22716566aefe HTTP/1.1" 401 32 "http://localhost:3000/post/61cee630f93e22716566aefe" "Mozilla/5.0 (Macintosh; Intel Mac OS X 10_15_7) AppleWebKit/537.36 (KHTML, like Gecko) Chrome/100.0.4896.127 Safari/537.36"
::ffff:127.0.0.1 - - [22/Apr/2022:14:07:31 +0000] "PUT /api/posts/61cee630f93e22716566aefe HTTP/1.1" 401 32 "http://localhost:3000/post/61cee630f93e22716566aefe" "Mozilla/5.0 (Macintosh; Intel Mac OS X 10_15_7) AppleWebKit/537.36 (KHTML, like Gecko) Chrome/100.0.4896.127 Safari/537.36"
::1 - - [22/Apr/2022:14:11:06 +0000] "GET /images/1641651527390profile.jpg HTTP/1.1" 304 - "http://localhost:3000/" "Mozilla/5.0 (Macintosh; Intel Mac OS X 10_15_7) AppleWebKit/537.36 (KHTML, like Gecko) Chrome/100.0.4896.127 Safari/537.36"
::ffff:127.0.0.1 - - [22/Apr/2022:14:11:06 +0000] "GET /api/posts/61cee630f93e22716566aefe HTTP/1.1" 200 1127 "http://localhost:3000/post/61cee630f93e22716566aefe" "Mozilla/5.0 (Macintosh; Intel Mac OS X 10_15_7) AppleWebKit/537.36 (KHTML, like Gecko) Chrome/100.0.4896.127 Safari/537.36"
::1 - - [22/Apr/2022:14:11:06 +0000] "GET /images/1640949296090pubg.jpg HTTP/1.1" 304 - "http://localhost:3000/" "Mozilla/5.0 (Macintosh; Intel Mac OS X 10_15_7) AppleWebKit/537.36 (KHTML, like Gecko) Chrome/100.0.4896.127 Safari/537.36"
::ffff:127.0.0.1 - - [22/Apr/2022:14:11:09 +0000] "PUT /api/posts/61cee630f93e22716566aefe HTTP/1.1" 401 32 "http://localhost:3000/post/61cee630f93e22716566aefe" "Mozilla/5.0 (Macintosh; Intel Mac OS X 10_15_7) AppleWebKit/537.36 (KHTML, like Gecko) Chrome/100.0.4896.127 Safari/537.36"
::ffff:127.0.0.1 - - [22/Apr/2022:14:11:12 +0000] "PUT /api/posts/61cee630f93e22716566aefe HTTP/1.1" 401 32 "http://localhost:3000/post/61cee630f93e22716566aefe" "Mozilla/5.0 (Macintosh; Intel Mac OS X 10_15_7) AppleWebKit/537.36 (KHTML, like Gecko) Chrome/100.0.4896.127 Safari/537.36"
::ffff:127.0.0.1 - - [22/Apr/2022:14:11:12 +0000] "PUT /api/posts/61cee630f93e22716566aefe HTTP/1.1" 401 32 "http://localhost:3000/post/61cee630f93e22716566aefe" "Mozilla/5.0 (Macintosh; Intel Mac OS X 10_15_7) AppleWebKit/537.36 (KHTML, like Gecko) Chrome/100.0.4896.127 Safari/537.36"
::ffff:127.0.0.1 - - [22/Apr/2022:14:11:13 +0000] "PUT /api/posts/61cee630f93e22716566aefe HTTP/1.1" 401 32 "http://localhost:3000/post/61cee630f93e22716566aefe" "Mozilla/5.0 (Macintosh; Intel Mac OS X 10_15_7) AppleWebKit/537.36 (KHTML, like Gecko) Chrome/100.0.4896.127 Safari/537.36"
::ffff:127.0.0.1 - - [22/Apr/2022:14:11:27 +0000] "GET /api/posts/61cee630f93e22716566aefe HTTP/1.1" 200 1127 "http://localhost:3000/post/61cee630f93e22716566aefe" "Mozilla/5.0 (Macintosh; Intel Mac OS X 10_15_7) AppleWebKit/537.36 (KHTML, like Gecko) Chrome/100.0.4896.127 Safari/537.36"
::1 - - [22/Apr/2022:14:11:32 +0000] "GET /images/1641651527390profile.jpg HTTP/1.1" 304 - "http://localhost:3000/" "Mozilla/5.0 (Macintosh; Intel Mac OS X 10_15_7) AppleWebKit/537.36 (KHTML, like Gecko) Chrome/100.0.4896.127 Safari/537.36"
::ffff:127.0.0.1 - - [22/Apr/2022:14:11:32 +0000] "GET /api/posts/61cee630f93e22716566aefe HTTP/1.1" 304 - "http://localhost:3000/post/61cee630f93e22716566aefe" "Mozilla/5.0 (Macintosh; Intel Mac OS X 10_15_7) AppleWebKit/537.36 (KHTML, like Gecko) Chrome/100.0.4896.127 Safari/537.36"
::1 - - [22/Apr/2022:14:11:32 +0000] "GET /images/1640949296090pubg.jpg HTTP/1.1" 304 - "http://localhost:3000/" "Mozilla/5.0 (Macintosh; Intel Mac OS X 10_15_7) AppleWebKit/537.36 (KHTML, like Gecko) Chrome/100.0.4896.127 Safari/537.36"
::ffff:127.0.0.1 - - [22/Apr/2022:14:11:33 +0000] "PUT /api/posts/like/61cee630f93e22716566aefe HTTP/1.1" 200 1127 "http://localhost:3000/post/61cee630f93e22716566aefe" "Mozilla/5.0 (Macintosh; Intel Mac OS X 10_15_7) AppleWebKit/537.36 (KHTML, like Gecko) Chrome/100.0.4896.127 Safari/537.36"
::ffff:127.0.0.1 - - [22/Apr/2022:14:11:33 +0000] "PUT /api/posts/like/61cee630f93e22716566aefe HTTP/1.1" 200 1127 "http://localhost:3000/post/61cee630f93e22716566aefe" "Mozilla/5.0 (Macintosh; Intel Mac OS X 10_15_7) AppleWebKit/537.36 (KHTML, like Gecko) Chrome/100.0.4896.127 Safari/537.36"
::ffff:127.0.0.1 - - [22/Apr/2022:14:11:40 +0000] "PUT /api/posts/like/61cee630f93e22716566aefe HTTP/1.1" 200 1127 "http://localhost:3000/post/61cee630f93e22716566aefe" "Mozilla/5.0 (Macintosh; Intel Mac OS X 10_15_7) AppleWebKit/537.36 (KHTML, like Gecko) Chrome/100.0.4896.127 Safari/537.36"
::ffff:127.0.0.1 - - [22/Apr/2022:14:11:40 +0000] "PUT /api/posts/like/61cee630f93e22716566aefe HTTP/1.1" 200 1127 "http://localhost:3000/post/61cee630f93e22716566aefe" "Mozilla/5.0 (Macintosh; Intel Mac OS X 10_15_7) AppleWebKit/537.36 (KHTML, like Gecko) Chrome/100.0.4896.127 Safari/537.36"
::ffff:127.0.0.1 - - [22/Apr/2022:14:13:01 +0000] "GET /api/posts/61cee630f93e22716566aefe HTTP/1.1" 200 1127 "http://localhost:3000/post/61cee630f93e22716566aefe" "Mozilla/5.0 (Macintosh; Intel Mac OS X 10_15_7) AppleWebKit/537.36 (KHTML, like Gecko) Chrome/100.0.4896.127 Safari/537.36"
::ffff:127.0.0.1 - - [22/Apr/2022:14:13:41 +0000] "GET /api/posts/61cee630f93e22716566aefe HTTP/1.1" 304 - "http://localhost:3000/post/61cee630f93e22716566aefe" "Mozilla/5.0 (Macintosh; Intel Mac OS X 10_15_7) AppleWebKit/537.36 (KHTML, like Gecko) Chrome/100.0.4896.127 Safari/537.36"
::1 - - [22/Apr/2022:14:13:43 +0000] "GET /images/1641651527390profile.jpg HTTP/1.1" 304 - "http://localhost:3000/" "Mozilla/5.0 (Macintosh; Intel Mac OS X 10_15_7) AppleWebKit/537.36 (KHTML, like Gecko) Chrome/100.0.4896.127 Safari/537.36"
::ffff:127.0.0.1 - - [22/Apr/2022:14:13:43 +0000] "GET /api/posts/61cee630f93e22716566aefe HTTP/1.1" 304 - "http://localhost:3000/post/61cee630f93e22716566aefe" "Mozilla/5.0 (Macintosh; Intel Mac OS X 10_15_7) AppleWebKit/537.36 (KHTML, like Gecko) Chrome/100.0.4896.127 Safari/537.36"
::1 - - [22/Apr/2022:14:13:43 +0000] "GET /images/1640949296090pubg.jpg HTTP/1.1" 304 - "http://localhost:3000/" "Mozilla/5.0 (Macintosh; Intel Mac OS X 10_15_7) AppleWebKit/537.36 (KHTML, like Gecko) Chrome/100.0.4896.127 Safari/537.36"
::ffff:127.0.0.1 - - [22/Apr/2022:14:13:45 +0000] "PUT /api/posts/like/61cee630f93e22716566aefe HTTP/1.1" 200 1127 "http://localhost:3000/post/61cee630f93e22716566aefe" "Mozilla/5.0 (Macintosh; Intel Mac OS X 10_15_7) AppleWebKit/537.36 (KHTML, like Gecko) Chrome/100.0.4896.127 Safari/537.36"
